{
  "count": 100,
  "valid": {
    "Андрей": 7,
    "Елисей": 7,
    "Степан": 1,
    "Вероника": 27,
    "Кристина": 6,
    "Аиша": 15,
    "Иван": 2,
    "Анастасия": 2,
    "Семён": 14,
    "Медина": 2,
    "Надежда": 1,
    "Пётр": 4,
    "Всеволод": 3,
    "Елена": 8,
    "Валерия": 7,
    "Леонид": 5,
    "Павел": 3,
    "Даниил": 3,
    "Варвара": 3,
    "Никита": 29,
    "Константин": 1,
    "Артём": 1,
    "Давид": 10,
    "Каролина": 8,
    "Артур": 2,
    "Дарина": 14,
    "Ксения": 11,
    "Нина": 10,
    "Ростислав": 3,
    "Мирослава": 4,
    "Ева": 3,
    "Злата": 1,
    "Богдан": 8,
    "Алина": 8,
    "Алексей": 1,
    "Георгий": 2,
    "Вера": 1,
    "Вячеслав": 2,
    "Василиса": 3,
    "Лилия": 7,
    "София": 8,
    "Ярослав": 1,
    "Алиса": 21,
    "Тимофей": 7,
    "Антон": 5,
    "Аделина": 13,
    "Елизавета": 3,
    "Агния": 16,
    "Светлана": 1,
    "Екатерина": 6,
    "Владислав": 4,
    "Михаил": 4,
    "Арсений": 7,
    "Демид": 7,
    "Глеб": 9,
    "Александра": 4,
    "Николь": 13,
    "Али": 12,
    "Александр": 12,
    "Маргарита": 2,
    "Григорий": 7,
    "Ярослава": 4,
    "Мария": 32,
    "Дарья": 3,
    "Полина": 10,
    "Виктория": 1,
    "Лука": 1,
    "Марк": 11,
    "Эмилия": 7,
    "Амина": 7,
    "Максим": 13,
    "Савва": 4,
    "Илья": 12,
    "Яна": 2,
    "Роман": 5,
    "Матвей": 3,
    "Сафия": 8,
    "Евгений": 17,
    "Софья": 9,
    "Данил": 7,
    "Арина": 5,
    "Руслан": 9,
    "Камила": 4,
    "Владимир": 4,
    "Роберт": 3,
    "Егор": 9,
    "Мадина": 17,
    "Кира": 3,
    "Милана": 9,
    "Николай": 6,
    "Адам": 2,
    "Марина": 2,
    "Дмитрий": 11,
    "Лев": 6,
    "Фёдор": 1,
    "Герман": 3,
    "Кирилл": 11,
    "Эмир": 8,
    "Захар": 3,
    "Анна": 17
  }
}