{
  "count": 3,
  "valid": {
    "Дима": 1,
    "Алёна": 2,
    "Миша": 1
  }
}